Note: Building hashlab3main=0.1.0-dev/hashlab3main.gpr...
gprbuild: "hashlab3main.exe" up to date
Success: Build finished successfully in 0.53 seconds.
\n========================================
Relative File :: BurrisHash (Orig) + LINEAR PROBING
========================================

Inserted 75 keys into hash table

=== HASH FUNCTION DETAILS ===
Algorithm: BurrisHash - uses char positions 1,5 and pairs 3-4, 5-6
Formula: HA = (char[1] + char[5])/517 + pair[3:4]/217 + pair[5:6]/256
Characteristic: Simple arithmetic with fixed divisors, may cluster

=== DISTRIBUTION METRICS ===
Keys inserted: 75  |  Table size: 100  |  Load factor: 0.75
Total probes for all searches: 149
Clustering indicator (last/first avg ratio): 3.60 (>1.0 shows increasing collisions)

=== FIRST 25 KEYS ===
Minimum probes: 1
Maximum probes: 1
Average probes: 1.00

=== LAST 25 KEYS ===
Minimum probes: 1
Maximum probes: 15
Average probes: 3.60

=== THEORETICAL RESULTS (75 keys) ===
Load factor (alpha): 0.750
Theoretical avg probes (Linear): 2.50
Theoretical avg probes (Random): 0.80

=== ALL 75 KEYS ACTUAL RESULTS ===
Actual average probes (all 75 keys): 1.99

EMPIRICAL vs THEORETICAL ANALYSIS:
With load factor 0.75, linear probing shows clustering.
Later insertions encounter more collisions.
Empirical results may vary from theoretical due to
hash function distribution and clustering effects.

=== Relative File | BurrisHash (Orig) + LINEAR Probing ===
Hash      Contents at          Original hash    Final hash    Number of probes
address   the address          address          address       to store/retrieve
--------------------------------------------------------------------------------
   1                                                         
   2                                                         
   3                                                         
   4                                                         
   5                                                         
   6                                                         
   7                                                         
   8                                                         
   9                                                         
  10                                                         
  11                                                         
  12                                                         
  13                                                         
  14                                                         
  15      Bhandari              15               15             1
  16                                                         
  17                                                         
  18      Nienberg              18               18             1
  19                                                         
  20                                                         
  21      Acevedo               21               21             1
  22      Clark                 22               22             1
  23      Dugger                23               23             1
  24                                                         
  25                                                         
  26                                                         
  27                                                         
  28      Alcantara             28               28             1
  29                                                         
  30                                                         
  31      Crouch                31               31             1
  32      Daniels               32               32             1
  33      Zulfiqar              33               33             1
  34      Ajose                 33               34             2
  35      Farral                33               35             3
  36      Garza                 33               36             4
  37      Arauza                37               37             1
  38      Casper                38               38             1
  39      Salkowski             39               39             1
  40      Ellington             38               40             3
  41      Paschal               41               41             1
  42      Davies                41               42             2
  43      Clayton               31               43            13
  44      Dustin                42               44             3
  45      Robert                31               45            15
  46      Carmona               46               46             1
  47      Qamruddin             47               47             1
  48      Gurung                46               48             3
  49      Egbe                  49               49             1
  50      Buck                  50               50             1
  51      Red                   51               51             1
  52      Joseph                49               52             4
  53      Aguirrie              53               53             1
  54      Kelly                 49               54             6
  55      Adam                  47               55             9
  56      Corey                 56               56             1
  57      Scott                 48               57            10
  58      Octavio               56               58             3
  59      Judy                  51               59             9
  60      Kyle                  60               60             1
  61                                                         
  62                                                         
  63                                                         
  64      Cook                  64               64             1
  65                                                         
  66                                                         
  67                                                         
  68                                                         
  69                                                         
  70                                                         
  71                                                         
  72                                                         
  73                                                         
  74                                                         
  75                                                         
  76                                                         
  77                                                         
  78                                                         
  79                                                         
  80                                                         
  81                                                         
  82                                                         
  83                                                         
  84                                                         
  85                                                         
  86                                                         
  87                                                         
  88                                                         
  89                                                         
  90                                                         
  91                                                         
  92                                                         
  93                                                         
  94                                                         
  95                                                         
  96                                                         
  97                                                         
  98                                                         
  99                                                         
 100                                                         

\n========================================
Relative File :: BurrisHash (Orig) + RANDOM PROBING
========================================

Inserted 75 keys into hash table

=== HASH FUNCTION DETAILS ===
Algorithm: BurrisHash - uses char positions 1,5 and pairs 3-4, 5-6
Formula: HA = (char[1] + char[5])/517 + pair[3:4]/217 + pair[5:6]/256
Characteristic: Simple arithmetic with fixed divisors, may cluster

=== DISTRIBUTION METRICS ===
Keys inserted: 75  |  Table size: 100  |  Load factor: 0.75
Total probes for all searches: 165
Clustering indicator (last/first avg ratio): 1.33 (>1.0 shows increasing collisions)

=== FIRST 25 KEYS ===
Minimum probes: 1
Maximum probes: 5
Average probes: 1.84

=== LAST 25 KEYS ===
Minimum probes: 1
Maximum probes: 4
Average probes: 2.44

=== THEORETICAL RESULTS (75 keys) ===
Load factor (alpha): 0.750
Theoretical avg probes (Linear): 2.50
Theoretical avg probes (Random): 0.80

=== ALL 75 KEYS ACTUAL RESULTS ===
Actual average probes (all 75 keys): 2.20

EMPIRICAL vs THEORETICAL ANALYSIS:
With load factor 0.75, linear probing shows clustering.
Later insertions encounter more collisions.
Empirical results may vary from theoretical due to
hash function distribution and clustering effects.

=== Relative File | BurrisHash (Orig) + RANDOM Probing ===
Hash      Contents at          Original hash    Final hash    Number of probes
address   the address          address          address       to store/retrieve
--------------------------------------------------------------------------------
   1                                                         
   2                                                         
   3                                                         
   4                                                         
   5                                                         
   6                                                         
   7      Clayton               31                7             2
   8                                                         
   9                                                         
  10                                                         
  11      Davies                41               11             2
  12                                                         
  13                                                         
  14                                                         
  15      Bhandari              15               15             1
  16                                                         
  17                                                         
  18      Nienberg              18               18             1
  19                                                         
  20      Kyle                  60               20             2
  21      Acevedo               21               21             1
  22      Clark                 22               22             1
  23      Dugger                23               23             1
  24      Garza                 33               24             2
  25                                                         
  26                                                         
  27                                                         
  28      Alcantara             28               28             1
  29                                                         
  30                                                         
  31      Crouch                31               31             1
  32      Daniels               32               32             1
  33      Zulfiqar              33               33             1
  34                                                         
  35                                                         
  36                                                         
  37      Arauza                37               37             1
  38      Casper                38               38             1
  39      Salkowski             39               39             1
  40                                                         
  41      Paschal               41               41             1
  42      Dustin                42               42             1
  43                                                         
  44                                                         
  45                                                         
  46      Carmona               46               46             1
  47      Qamruddin             47               47             1
  48      Farral                33               48             2
  49      Ajose                 33               49             2
  50      Buck                  50               50             1
  51      Red                   51               51             1
  52                                                         
  53      Aguirrie              53               53             1
  54                                                         
  55                                                         
  56      Corey                 56               56             1
  57                                                         
  58                                                         
  59                                                         
  60      Joseph                49               60             3
  61                                                         
  62                                                         
  63                                                         
  64      Cook                  64               64             1
  65                                                         
  66                                                         
  67      Gurung                46               67             3
  68      Octavio               56               68             2
  69                                                         
  70      Judy                  51               70             2
  71                                                         
  72                                                         
  73                                                         
  74                                                         
  75      Ellington             38               75             2
  76      Adam                  47               76             3
  77                                                         
  78      Egbe                  49               78             2
  79                                                         
  80      Kelly                 49               80             2
  81                                                         
  82                                                         
  83                                                         
  84                                                         
  85      Robert                31               85             3
  86                                                         
  87                                                         
  88                                                         
  89                                                         
  90                                                         
  91                                                         
  92                                                         
  93                                                         
  94                                                         
  95                                                         
  96                                                         
  97                                                         
  98                                                         
  99      Scott                 48               99             2
 100                                                         

\n========================================
Relative File :: YourHash (Pair) + LINEAR PROBING
========================================

Inserted 75 keys into hash table

=== HASH FUNCTION DETAILS ===
Algorithm: YourHash - sequential pair accumulation with weighted sum
Strategy: 8 character pairs (1-2, 3-4, ... 15-16) weighted by primes
Weights: [131, 113, 101, 89, 79, 71, 61, 53] - descending for balance
Method: Each pair combined (left*256 + right) and multiplied by weight
Goal: Better distribution across table, reduce clustering

=== DISTRIBUTION METRICS ===
Keys inserted: 75  |  Table size: 100  |  Load factor: 0.75
Total probes for all searches: 81
Clustering indicator (last/first avg ratio): 1.08 (>1.0 shows increasing collisions)

=== FIRST 25 KEYS ===
Minimum probes: 1
Maximum probes: 1
Average probes: 1.00

=== LAST 25 KEYS ===
Minimum probes: 1
Maximum probes: 3
Average probes: 1.08

=== THEORETICAL RESULTS (75 keys) ===
Load factor (alpha): 0.750
Theoretical avg probes (Linear): 2.50
Theoretical avg probes (Random): 0.80

=== ALL 75 KEYS ACTUAL RESULTS ===
Actual average probes (all 75 keys): 1.08

EMPIRICAL vs THEORETICAL ANALYSIS:
With load factor 0.75, linear probing shows clustering.
Later insertions encounter more collisions.
Empirical results may vary from theoretical due to
hash function distribution and clustering effects.

=== Relative File | YourHash (Pair) + LINEAR Probing ===
Hash      Contents at          Original hash    Final hash    Number of probes
address   the address          address          address       to store/retrieve
--------------------------------------------------------------------------------
   1      Bhandari               1                1             1
   2                                                         
   3                                                         
   4                                                         
   5                                                         
   6                                                         
   7                                                         
   8                                                         
   9      Daniels                9                9             1
  10                                                         
  11                                                         
  12                                                         
  13      Arauza                13               13             1
  14      Farral                14               14             1
  15                                                         
  16      Ellington             16               16             1
  17      Salkowski             17               17             1
  18      Aguirrie              18               18             1
  19                                                         
  20                                                         
  21                                                         
  22                                                         
  23      Robert                23               23             1
  24                                                         
  25                                                         
  26                                                         
  27                                                         
  28                                                         
  29                                                         
  30                                                         
  31      Egbe                  31               31             1
  32      Gurung                32               32             1
  33                                                         
  34                                                         
  35                                                         
  36      Acevedo               36               36             1
  37                                                         
  38      Casper                38               38             1
  39      Corey                 39               39             1
  40      Kelly                 40               40             1
  41      Zulfiqar              41               41             1
  42      Dugger                41               42             2
  43                                                         
  44      Octavio               44               44             1
  45                                                         
  46                                                         
  47                                                         
  48                                                         
  49      Cook                  49               49             1
  50                                                         
  51                                                         
  52                                                         
  53                                                         
  54                                                         
  55      Clark                 55               55             1
  56                                                         
  57                                                         
  58                                                         
  59                                                         
  60                                                         
  61      Judy                  61               61             1
  62                                                         
  63      Qamruddin             63               63             1
  64      Buck                  63               64             2
  65                                                         
  66      Dustin                66               66             1
  67                                                         
  68      Davies                68               68             1
  69                                                         
  70      Adam                  70               70             1
  71                                                         
  72      Paschal               72               72             1
  73                                                         
  74      Scott                 74               74             1
  75                                                         
  76                                                         
  77                                                         
  78      Garza                 78               78             1
  79                                                         
  80                                                         
  81      Clayton               81               81             1
  82                                                         
  83                                                         
  84                                                         
  85      Kyle                  85               85             1
  86                                                         
  87      Carmona               87               87             1
  88      Alcantara             88               88             1
  89      Joseph                87               89             3
  90      Nienberg              90               90             1
  91      Ajose                 90               91             2
  92                                                         
  93                                                         
  94                                                         
  95                                                         
  96      Red                   96               96             1
  97      Crouch                96               97             2
  98                                                         
  99                                                         
 100                                                         

\n========================================
Relative File :: YourHash (Pair) + RANDOM PROBING
========================================

Inserted 75 keys into hash table

=== HASH FUNCTION DETAILS ===
Algorithm: YourHash - sequential pair accumulation with weighted sum
Strategy: 8 character pairs (1-2, 3-4, ... 15-16) weighted by primes
Weights: [131, 113, 101, 89, 79, 71, 61, 53] - descending for balance
Method: Each pair combined (left*256 + right) and multiplied by weight
Goal: Better distribution across table, reduce clustering

=== DISTRIBUTION METRICS ===
Keys inserted: 75  |  Table size: 100  |  Load factor: 0.75
Total probes for all searches: 86
Clustering indicator (last/first avg ratio): 1.12 (>1.0 shows increasing collisions)

=== FIRST 25 KEYS ===
Minimum probes: 1
Maximum probes: 1
Average probes: 1.00

=== LAST 25 KEYS ===
Minimum probes: 1
Maximum probes: 3
Average probes: 1.12

=== THEORETICAL RESULTS (75 keys) ===
Load factor (alpha): 0.750
Theoretical avg probes (Linear): 2.50
Theoretical avg probes (Random): 0.80

=== ALL 75 KEYS ACTUAL RESULTS ===
Actual average probes (all 75 keys): 1.15

EMPIRICAL vs THEORETICAL ANALYSIS:
With load factor 0.75, linear probing shows clustering.
Later insertions encounter more collisions.
Empirical results may vary from theoretical due to
hash function distribution and clustering effects.

=== Relative File | YourHash (Pair) + RANDOM Probing ===
Hash      Contents at          Original hash    Final hash    Number of probes
address   the address          address          address       to store/retrieve
--------------------------------------------------------------------------------
   1      Bhandari               1                1             1
   2                                                         
   3                                                         
   4                                                         
   5                                                         
   6                                                         
   7                                                         
   8                                                         
   9      Daniels                9                9             1
  10                                                         
  11                                                         
  12                                                         
  13      Arauza                13               13             1
  14      Farral                14               14             1
  15                                                         
  16      Ellington             16               16             1
  17      Salkowski             17               17             1
  18      Aguirrie              18               18             1
  19      Dugger                41               19             2
  20                                                         
  21                                                         
  22                                                         
  23      Robert                23               23             1
  24                                                         
  25                                                         
  26                                                         
  27                                                         
  28                                                         
  29                                                         
  30                                                         
  31      Egbe                  31               31             1
  32      Gurung                32               32             1
  33                                                         
  34                                                         
  35                                                         
  36      Acevedo               36               36             1
  37                                                         
  38      Casper                38               38             1
  39      Corey                 39               39             1
  40      Kelly                 40               40             1
  41      Zulfiqar              41               41             1
  42                                                         
  43                                                         
  44      Octavio               44               44             1
  45                                                         
  46                                                         
  47                                                         
  48                                                         
  49      Cook                  49               49             1
  50      Crouch                96               50             2
  51                                                         
  52                                                         
  53                                                         
  54                                                         
  55      Clark                 55               55             1
  56                                                         
  57                                                         
  58                                                         
  59                                                         
  60                                                         
  61      Judy                  61               61             1
  62      Scott                 74               62             2
  63      Qamruddin             63               63             1
  64                                                         
  65                                                         
  66      Dustin                66               66             1
  67                                                         
  68      Davies                68               68             1
  69                                                         
  70      Adam                  70               70             1
  71                                                         
  72      Paschal               72               72             1
  73                                                         
  74      Joseph                87               74             2
  75                                                         
  76                                                         
  77                                                         
  78      Garza                 78               78             1
  79                                                         
  80                                                         
  81      Clayton               81               81             1
  82                                                         
  83                                                         
  84                                                         
  85      Kyle                  85               85             1
  86                                                         
  87      Carmona               87               87             1
  88      Alcantara             88               88             1
  89                                                         
  90      Nienberg              90               90             1
  91                                                         
  92      Buck                  63               92             2
  93      Ajose                 90               93             2
  94                                                         
  95                                                         
  96      Red                   96               96             1
  97                                                         
  98                                                         
  99                                                         
 100                                                         


================================================================================
   COMPREHENSIVE HASH FUNCTION COMPARISON :: Relative File
                        (75 keys, 100 slots, alpha=0.75)
================================================================================

+---------------------+--------------+----------------+----------------+----------+
| Hash Function       | Probe Method | First 25 Avg   | Last 25 Avg    | All 75   |
+---------------------+--------------+----------------+----------------+----------+
| BurrisHash (Orig) | LINEAR       |     1.00      |     3.60      |  1.99  |
| BurrisHash (Orig) | RANDOM       |     1.84      |     2.44      |  2.20  |
| YourHash (Pair) | LINEAR       |     1.00      |     1.08      |  1.08  |
| YourHash (Pair) | RANDOM       |     1.00      |     1.12      |  1.15  |
+---------------------+--------------+----------------+----------------+----------+

PERFORMANCE SUMMARY:
-------------------------------------------------------------------------------
YourHash improvement over BurrisHash (Linear):   45.6% reduction
YourHash improvement over BurrisHash (Random):   47.9% reduction

YourHash beats theoretical for both Linear and Random probing!
-------------------------------------------------------------------------------

\n========================================
Main Memory :: BurrisHash (Orig) + LINEAR PROBING
========================================

Inserted 75 keys into hash table

=== HASH FUNCTION DETAILS ===
Algorithm: BurrisHash - uses char positions 1,5 and pairs 3-4, 5-6
Formula: HA = (char[1] + char[5])/517 + pair[3:4]/217 + pair[5:6]/256
Characteristic: Simple arithmetic with fixed divisors, may cluster

=== DISTRIBUTION METRICS ===
Keys inserted: 75  |  Table size: 100  |  Load factor: 0.75
Total probes for all searches: 149
Clustering indicator (last/first avg ratio): 3.60 (>1.0 shows increasing collisions)

=== FIRST 25 KEYS ===
Minimum probes: 1
Maximum probes: 1
Average probes: 1.00

=== LAST 25 KEYS ===
Minimum probes: 1
Maximum probes: 15
Average probes: 3.60

=== THEORETICAL RESULTS (75 keys) ===
Load factor (alpha): 0.750
Theoretical avg probes (Linear): 2.50
Theoretical avg probes (Random): 0.80

=== ALL 75 KEYS ACTUAL RESULTS ===
Actual average probes (all 75 keys): 1.99

EMPIRICAL vs THEORETICAL ANALYSIS:
With load factor 0.75, linear probing shows clustering.
Later insertions encounter more collisions.
Empirical results may vary from theoretical due to
hash function distribution and clustering effects.

=== Main Memory | BurrisHash (Orig) + LINEAR Probing ===
Hash      Contents at          Original hash    Final hash    Number of probes
address   the address          address          address       to store/retrieve
--------------------------------------------------------------------------------
   1                                                         
   2                                                         
   3                                                         
   4                                                         
   5                                                         
   6                                                         
   7                                                         
   8                                                         
   9                                                         
  10                                                         
  11                                                         
  12                                                         
  13                                                         
  14                                                         
  15      Bhandari              15               15             1
  16                                                         
  17                                                         
  18      Nienberg              18               18             1
  19                                                         
  20                                                         
  21      Acevedo               21               21             1
  22      Clark                 22               22             1
  23      Dugger                23               23             1
  24                                                         
  25                                                         
  26                                                         
  27                                                         
  28      Alcantara             28               28             1
  29                                                         
  30                                                         
  31      Crouch                31               31             1
  32      Daniels               32               32             1
  33      Zulfiqar              33               33             1
  34      Ajose                 33               34             2
  35      Farral                33               35             3
  36      Garza                 33               36             4
  37      Arauza                37               37             1
  38      Casper                38               38             1
  39      Salkowski             39               39             1
  40      Ellington             38               40             3
  41      Paschal               41               41             1
  42      Davies                41               42             2
  43      Clayton               31               43            13
  44      Dustin                42               44             3
  45      Robert                31               45            15
  46      Carmona               46               46             1
  47      Qamruddin             47               47             1
  48      Gurung                46               48             3
  49      Egbe                  49               49             1
  50      Buck                  50               50             1
  51      Red                   51               51             1
  52      Joseph                49               52             4
  53      Aguirrie              53               53             1
  54      Kelly                 49               54             6
  55      Adam                  47               55             9
  56      Corey                 56               56             1
  57      Scott                 48               57            10
  58      Octavio               56               58             3
  59      Judy                  51               59             9
  60      Kyle                  60               60             1
  61                                                         
  62                                                         
  63                                                         
  64      Cook                  64               64             1
  65                                                         
  66                                                         
  67                                                         
  68                                                         
  69                                                         
  70                                                         
  71                                                         
  72                                                         
  73                                                         
  74                                                         
  75                                                         
  76                                                         
  77                                                         
  78                                                         
  79                                                         
  80                                                         
  81                                                         
  82                                                         
  83                                                         
  84                                                         
  85                                                         
  86                                                         
  87                                                         
  88                                                         
  89                                                         
  90                                                         
  91                                                         
  92                                                         
  93                                                         
  94                                                         
  95                                                         
  96                                                         
  97                                                         
  98                                                         
  99                                                         
 100                                                         

\n========================================
Main Memory :: BurrisHash (Orig) + RANDOM PROBING
========================================

Inserted 75 keys into hash table

=== HASH FUNCTION DETAILS ===
Algorithm: BurrisHash - uses char positions 1,5 and pairs 3-4, 5-6
Formula: HA = (char[1] + char[5])/517 + pair[3:4]/217 + pair[5:6]/256
Characteristic: Simple arithmetic with fixed divisors, may cluster

=== DISTRIBUTION METRICS ===
Keys inserted: 75  |  Table size: 100  |  Load factor: 0.75
Total probes for all searches: 100
Clustering indicator (last/first avg ratio): 1.52 (>1.0 shows increasing collisions)

=== FIRST 25 KEYS ===
Minimum probes: 1
Maximum probes: 1
Average probes: 1.00

=== LAST 25 KEYS ===
Minimum probes: 1
Maximum probes: 3
Average probes: 1.52

=== THEORETICAL RESULTS (75 keys) ===
Load factor (alpha): 0.750
Theoretical avg probes (Linear): 2.50
Theoretical avg probes (Random): 0.80

=== ALL 75 KEYS ACTUAL RESULTS ===
Actual average probes (all 75 keys): 1.33

EMPIRICAL vs THEORETICAL ANALYSIS:
With load factor 0.75, linear probing shows clustering.
Later insertions encounter more collisions.
Empirical results may vary from theoretical due to
hash function distribution and clustering effects.

=== Main Memory | BurrisHash (Orig) + RANDOM Probing ===
Hash      Contents at          Original hash    Final hash    Number of probes
address   the address          address          address       to store/retrieve
--------------------------------------------------------------------------------
   1                                                         
   2                                                         
   3                                                         
   4                                                         
   5      Judy                  51                5             2
   6                                                         
   7                                                         
   8                                                         
   9                                                         
  10                                                         
  11                                                         
  12                                                         
  13                                                         
  14                                                         
  15      Bhandari              15               15             1
  16                                                         
  17                                                         
  18      Nienberg              18               18             1
  19                                                         
  20                                                         
  21      Acevedo               21               21             1
  22      Clark                 22               22             1
  23      Dugger                23               23             1
  24                                                         
  25                                                         
  26                                                         
  27                                                         
  28      Alcantara             28               28             1
  29                                                         
  30                                                         
  31      Crouch                31               31             1
  32      Daniels               32               32             1
  33      Zulfiqar              33               33             1
  34                                                         
  35                                                         
  36                                                         
  37      Arauza                37               37             1
  38      Casper                38               38             1
  39      Salkowski             39               39             1
  40      Joseph                49               40             2
  41      Paschal               41               41             1
  42      Dustin                42               42             1
  43                                                         
  44                                                         
  45      Ajose                 33               45             3
  46      Carmona               46               46             1
  47      Qamruddin             47               47             1
  48      Scott                 48               48             1
  49      Egbe                  49               49             1
  50      Buck                  50               50             1
  51      Red                   51               51             1
  52                                                         
  53      Aguirrie              53               53             1
  54                                                         
  55                                                         
  56      Corey                 56               56             1
  57                                                         
  58      Davies                41               58             4
  59                                                         
  60      Kyle                  60               60             1
  61                                                         
  62                                                         
  63      Ellington             38               63             2
  64      Cook                  64               64             1
  65      Farral                33               65             2
  66                                                         
  67                                                         
  68      Kelly                 49               68             3
  69      Octavio               56               69             3
  70                                                         
  71                                                         
  72                                                         
  73                                                         
  74                                                         
  75                                                         
  76                                                         
  77                                                         
  78                                                         
  79                                                         
  80                                                         
  81                                                         
  82                                                         
  83      Robert                31               83             2
  84                                                         
  85                                                         
  86      Garza                 33               86             5
  87      Adam                  47               87             2
  88                                                         
  89                                                         
  90                                                         
  91                                                         
  92      Gurung                46               92             3
  93                                                         
  94                                                         
  95                                                         
  96                                                         
  97      Clayton               31               97             2
  98                                                         
  99                                                         
 100                                                         

\n========================================
Main Memory :: YourHash (Pair) + LINEAR PROBING
========================================

Inserted 75 keys into hash table

=== HASH FUNCTION DETAILS ===
Algorithm: YourHash - sequential pair accumulation with weighted sum
Strategy: 8 character pairs (1-2, 3-4, ... 15-16) weighted by primes
Weights: [131, 113, 101, 89, 79, 71, 61, 53] - descending for balance
Method: Each pair combined (left*256 + right) and multiplied by weight
Goal: Better distribution across table, reduce clustering

=== DISTRIBUTION METRICS ===
Keys inserted: 75  |  Table size: 100  |  Load factor: 0.75
Total probes for all searches: 81
Clustering indicator (last/first avg ratio): 1.08 (>1.0 shows increasing collisions)

=== FIRST 25 KEYS ===
Minimum probes: 1
Maximum probes: 1
Average probes: 1.00

=== LAST 25 KEYS ===
Minimum probes: 1
Maximum probes: 3
Average probes: 1.08

=== THEORETICAL RESULTS (75 keys) ===
Load factor (alpha): 0.750
Theoretical avg probes (Linear): 2.50
Theoretical avg probes (Random): 0.80

=== ALL 75 KEYS ACTUAL RESULTS ===
Actual average probes (all 75 keys): 1.08

EMPIRICAL vs THEORETICAL ANALYSIS:
With load factor 0.75, linear probing shows clustering.
Later insertions encounter more collisions.
Empirical results may vary from theoretical due to
hash function distribution and clustering effects.

=== Main Memory | YourHash (Pair) + LINEAR Probing ===
Hash      Contents at          Original hash    Final hash    Number of probes
address   the address          address          address       to store/retrieve
--------------------------------------------------------------------------------
   1      Bhandari               1                1             1
   2                                                         
   3                                                         
   4                                                         
   5                                                         
   6                                                         
   7                                                         
   8                                                         
   9      Daniels                9                9             1
  10                                                         
  11                                                         
  12                                                         
  13      Arauza                13               13             1
  14      Farral                14               14             1
  15                                                         
  16      Ellington             16               16             1
  17      Salkowski             17               17             1
  18      Aguirrie              18               18             1
  19                                                         
  20                                                         
  21                                                         
  22                                                         
  23      Robert                23               23             1
  24                                                         
  25                                                         
  26                                                         
  27                                                         
  28                                                         
  29                                                         
  30                                                         
  31      Egbe                  31               31             1
  32      Gurung                32               32             1
  33                                                         
  34                                                         
  35                                                         
  36      Acevedo               36               36             1
  37                                                         
  38      Casper                38               38             1
  39      Corey                 39               39             1
  40      Kelly                 40               40             1
  41      Zulfiqar              41               41             1
  42      Dugger                41               42             2
  43                                                         
  44      Octavio               44               44             1
  45                                                         
  46                                                         
  47                                                         
  48                                                         
  49      Cook                  49               49             1
  50                                                         
  51                                                         
  52                                                         
  53                                                         
  54                                                         
  55      Clark                 55               55             1
  56                                                         
  57                                                         
  58                                                         
  59                                                         
  60                                                         
  61      Judy                  61               61             1
  62                                                         
  63      Qamruddin             63               63             1
  64      Buck                  63               64             2
  65                                                         
  66      Dustin                66               66             1
  67                                                         
  68      Davies                68               68             1
  69                                                         
  70      Adam                  70               70             1
  71                                                         
  72      Paschal               72               72             1
  73                                                         
  74      Scott                 74               74             1
  75                                                         
  76                                                         
  77                                                         
  78      Garza                 78               78             1
  79                                                         
  80                                                         
  81      Clayton               81               81             1
  82                                                         
  83                                                         
  84                                                         
  85      Kyle                  85               85             1
  86                                                         
  87      Carmona               87               87             1
  88      Alcantara             88               88             1
  89      Joseph                87               89             3
  90      Nienberg              90               90             1
  91      Ajose                 90               91             2
  92                                                         
  93                                                         
  94                                                         
  95                                                         
  96      Red                   96               96             1
  97      Crouch                96               97             2
  98                                                         
  99                                                         
 100                                                         

\n========================================
Main Memory :: YourHash (Pair) + RANDOM PROBING
========================================

Inserted 75 keys into hash table

=== HASH FUNCTION DETAILS ===
Algorithm: YourHash - sequential pair accumulation with weighted sum
Strategy: 8 character pairs (1-2, 3-4, ... 15-16) weighted by primes
Weights: [131, 113, 101, 89, 79, 71, 61, 53] - descending for balance
Method: Each pair combined (left*256 + right) and multiplied by weight
Goal: Better distribution across table, reduce clustering

=== DISTRIBUTION METRICS ===
Keys inserted: 75  |  Table size: 100  |  Load factor: 0.75
Total probes for all searches: 81
Clustering indicator (last/first avg ratio): 1.08 (>1.0 shows increasing collisions)

=== FIRST 25 KEYS ===
Minimum probes: 1
Maximum probes: 1
Average probes: 1.00

=== LAST 25 KEYS ===
Minimum probes: 1
Maximum probes: 3
Average probes: 1.08

=== THEORETICAL RESULTS (75 keys) ===
Load factor (alpha): 0.750
Theoretical avg probes (Linear): 2.50
Theoretical avg probes (Random): 0.80

=== ALL 75 KEYS ACTUAL RESULTS ===
Actual average probes (all 75 keys): 1.08

EMPIRICAL vs THEORETICAL ANALYSIS:
With load factor 0.75, linear probing shows clustering.
Later insertions encounter more collisions.
Empirical results may vary from theoretical due to
hash function distribution and clustering effects.

=== Main Memory | YourHash (Pair) + RANDOM Probing ===
Hash      Contents at          Original hash    Final hash    Number of probes
address   the address          address          address       to store/retrieve
--------------------------------------------------------------------------------
   1      Bhandari               1                1             1
   2                                                         
   3                                                         
   4                                                         
   5                                                         
   6                                                         
   7                                                         
   8                                                         
   9      Daniels                9                9             1
  10                                                         
  11                                                         
  12                                                         
  13      Arauza                13               13             1
  14      Farral                14               14             1
  15                                                         
  16      Ellington             16               16             1
  17      Salkowski             17               17             1
  18      Aguirrie              18               18             1
  19                                                         
  20                                                         
  21                                                         
  22                                                         
  23      Robert                23               23             1
  24                                                         
  25                                                         
  26                                                         
  27                                                         
  28                                                         
  29                                                         
  30                                                         
  31      Egbe                  31               31             1
  32      Gurung                32               32             1
  33                                                         
  34                                                         
  35                                                         
  36      Acevedo               36               36             1
  37                                                         
  38      Casper                38               38             1
  39      Corey                 39               39             1
  40      Kelly                 40               40             1
  41      Zulfiqar              41               41             1
  42                                                         
  43                                                         
  44      Octavio               44               44             1
  45      Dugger                41               45             2
  46                                                         
  47                                                         
  48      Joseph                87               48             2
  49      Cook                  49               49             1
  50                                                         
  51                                                         
  52                                                         
  53                                                         
  54                                                         
  55      Clark                 55               55             1
  56                                                         
  57      Ajose                 90               57             2
  58                                                         
  59                                                         
  60                                                         
  61      Judy                  61               61             1
  62                                                         
  63      Qamruddin             63               63             1
  64                                                         
  65                                                         
  66      Dustin                66               66             1
  67                                                         
  68      Davies                68               68             1
  69                                                         
  70      Adam                  70               70             1
  71                                                         
  72      Paschal               72               72             1
  73                                                         
  74      Scott                 74               74             1
  75                                                         
  76                                                         
  77                                                         
  78      Garza                 78               78             1
  79                                                         
  80      Buck                  63               80             2
  81      Clayton               81               81             1
  82                                                         
  83                                                         
  84                                                         
  85      Kyle                  85               85             1
  86                                                         
  87      Carmona               87               87             1
  88      Alcantara             88               88             1
  89                                                         
  90      Nienberg              90               90             1
  91                                                         
  92                                                         
  93                                                         
  94      Crouch                96               94             4
  95                                                         
  96      Red                   96               96             1
  97                                                         
  98                                                         
  99                                                         
 100                                                         


================================================================================
   COMPREHENSIVE HASH FUNCTION COMPARISON :: Main Memory
                        (75 keys, 100 slots, alpha=0.75)
================================================================================

+---------------------+--------------+----------------+----------------+----------+
| Hash Function       | Probe Method | First 25 Avg   | Last 25 Avg    | All 75   |
+---------------------+--------------+----------------+----------------+----------+
| BurrisHash (Orig) | LINEAR       |     1.00      |     3.60      |  1.99  |
| BurrisHash (Orig) | RANDOM       |     1.00      |     1.52      |  1.33  |
| YourHash (Pair) | LINEAR       |     1.00      |     1.08      |  1.08  |
| YourHash (Pair) | RANDOM       |     1.00      |     1.08      |  1.08  |
+---------------------+--------------+----------------+----------------+----------+

PERFORMANCE SUMMARY:
-------------------------------------------------------------------------------
YourHash improvement over BurrisHash (Linear):   45.6% reduction
YourHash improvement over BurrisHash (Random):   19.0% reduction

YourHash beats theoretical for both Linear and Random probing!
-------------------------------------------------------------------------------


================ RELATIVE FILE vs MAIN MEMORY SUMMARY ================
- BurrisHash (Orig) / LINEAR: Relative=1.99  |  Memory=1.99  |  Difference=0.00
- BurrisHash (Orig) / RANDOM: Relative=2.20  |  Memory=1.33  |  Difference=0.87
- YourHash (Pair) / LINEAR: Relative=1.08  |  Memory=1.08  |  Difference=0.00
- YourHash (Pair) / RANDOM: Relative=1.15  |  Memory=1.08  |  Difference=0.07

